aha 2018-12-06 15:15:00 
aha 2018-12-06 15:16:00 
aha 2018-12-06 15:17:00 
2018-12-06 19:01:00	2018-12-06 19:02:00	python3 client.py xxx xxx xxx
2018-12-06 19:02:00	2018-12-06 19:03:00	python3 client.py xxx xxx xxx
